../Drivers/BSP/Components/es_wifi/es_wifi.c:140:16:ParseNumber	20	static
../Drivers/BSP/Components/es_wifi/es_wifi.c:723:25:AT_ExecuteCommand	24	static
../Drivers/BSP/Components/es_wifi/es_wifi.c:774:25:AT_RequestSendData	32	static
../Drivers/BSP/Components/es_wifi/es_wifi.c:838:25:AT_RequestReceiveData	32	static
../Drivers/BSP/Components/es_wifi/es_wifi.c:196:13:ParseIP	32	static
../Drivers/BSP/Components/es_wifi/es_wifi.c:628:13:AT_ParseTransportSettings	16	static
../Drivers/BSP/Components/es_wifi/es_wifi.c:218:31:ParseSecurity	8	static
../Drivers/BSP/Components/es_wifi/es_wifi.c:172:13:ParseMAC	20	static
../Drivers/BSP/Components/es_wifi/es_wifi.c:898:18:ES_WIFI_Init	24	static
../Drivers/BSP/Components/es_wifi/es_wifi.c:925:19:ES_WIFI_DeInit	8	static
../Drivers/BSP/Components/es_wifi/es_wifi.c:947:18:ES_WIFI_GetProductID	8	static
../Drivers/BSP/Components/es_wifi/es_wifi.c:965:18:ES_WIFI_GetFWRevID	8	static
../Drivers/BSP/Components/es_wifi/es_wifi.c:983:18:ES_WIFI_GetProductName	8	static
../Drivers/BSP/Components/es_wifi/es_wifi.c:1000:18:ES_WIFI_GetAPIRev	8	static
../Drivers/BSP/Components/es_wifi/es_wifi.c:1017:18:ES_WIFI_GetStackRev	8	static
../Drivers/BSP/Components/es_wifi/es_wifi.c:1034:18:ES_WIFI_GetRTOSRev	8	static
../Drivers/BSP/Components/es_wifi/es_wifi.c:1050:19:ES_WIFI_RegisterBusIO	12	static
../Drivers/BSP/Components/es_wifi/es_wifi.c:1076:18:ES_WIFI_SetTimeout	0	static
../Drivers/BSP/Components/es_wifi/es_wifi.c:1088:18:ES_WIFI_ListAccessPoints	64	static
../Drivers/BSP/Components/es_wifi/es_wifi.c:1174:18:ES_WIFI_Connect	24	static
../Drivers/BSP/Components/es_wifi/es_wifi.c:1215:9:ES_WIFI_IsConnected	8	static
../Drivers/BSP/Components/es_wifi/es_wifi.c:1237:18:ES_WIFI_Disconnect	8	static
../Drivers/BSP/Components/es_wifi/es_wifi.c:1254:18:ES_WIFI_GetNetworkSettings	24	static
../Drivers/BSP/Components/es_wifi/es_wifi.c:1279:18:ES_WIFI_ActivateAP	32	static
../Drivers/BSP/Components/es_wifi/es_wifi.c:1341:19:ES_WIFI_WaitAPStateChange	24	static
../Drivers/BSP/Components/es_wifi/es_wifi.c:1417:18:ES_WIFI_GetMACAddress	24	static
../Drivers/BSP/Components/es_wifi/es_wifi.c:1445:18:ES_WIFI_GetIPAddress	8	static
../Drivers/BSP/Components/es_wifi/es_wifi.c:1458:18:ES_WIFI_SetMACAddress	32	static
../Drivers/BSP/Components/es_wifi/es_wifi.c:1482:18:ES_WIFI_ResetToFactoryDefault	8	static
../Drivers/BSP/Components/es_wifi/es_wifi.c:1501:18:ES_WIFI_ResetModule	16	static
../Drivers/BSP/Components/es_wifi/es_wifi.c:1531:18:ES_WIFI_HardResetModule	8	static
../Drivers/BSP/Components/es_wifi/es_wifi.c:1551:18:ES_WIFI_SetProductName	16	static
../Drivers/BSP/Components/es_wifi/es_wifi.c:1601:18:ES_WIFI_SetUARTBaudRate	16	static
../Drivers/BSP/Components/es_wifi/es_wifi.c:1626:18:ES_WIFI_GetUARTConfig	16	static
../Drivers/BSP/Components/es_wifi/es_wifi.c:1650:18:ES_WIFI_GetSystemConfig	16	static
../Drivers/BSP/Components/es_wifi/es_wifi.c:1675:18:ES_WIFI_Ping	40	static
../Drivers/BSP/Components/es_wifi/es_wifi.c:1726:18:ES_WIFI_DNS_LookUp	24	static
../Drivers/BSP/Components/es_wifi/es_wifi.c:1753:18:ES_WIFI_StartClientConnection	24	static
../Drivers/BSP/Components/es_wifi/es_wifi.c:1811:18:ES_WIFI_StopClientConnection	16	static
../Drivers/BSP/Components/es_wifi/es_wifi.c:1905:18:ES_WIFI_StartServerSingleConn	24	static
../Drivers/BSP/Components/es_wifi/es_wifi.c:1975:18:ES_WIFI_WaitServerConnection	32	static
../Drivers/BSP/Components/es_wifi/es_wifi.c:2073:18:ES_WIFI_CloseServerConnection	16	static
../Drivers/BSP/Components/es_wifi/es_wifi.c:2105:18:ES_WIFI_StopServerSingleConn	16	static
../Drivers/BSP/Components/es_wifi/es_wifi.c:2140:18:ES_WIFI_StartServerMultiConn	16	static
../Drivers/BSP/Components/es_wifi/es_wifi.c:2203:18:ES_WIFI_StopServerMultiConn	16	static
../Drivers/BSP/Components/es_wifi/es_wifi.c:2276:18:ES_WIFI_SendData	40	static
../Drivers/BSP/Components/es_wifi/es_wifi.c:2347:18:ES_WIFI_SendDataTo	40	static
../Drivers/BSP/Components/es_wifi/es_wifi.c:2448:18:ES_WIFI_ReceiveData	32	static
../Drivers/BSP/Components/es_wifi/es_wifi.c:2512:18:ES_WIFI_ReceiveDataFrom	56	static
../Drivers/BSP/Components/es_wifi/es_wifi.c:2606:19:ES_WIFI_SockInfo	48	static
../Drivers/BSP/Components/es_wifi/es_wifi.c:2639:18:ES_WIFI_PeerInfo	48	static
../Drivers/BSP/Components/es_wifi/es_wifi.c:2669:19:ES_WIFI_StoreCreds	56	static
../Drivers/BSP/Components/es_wifi/es_wifi.c:2721:18:ES_WIFI_StoreCA	24	static
../Drivers/BSP/Components/es_wifi/es_wifi.c:2748:18:ES_WIFI_StoreCertificate	24	static
../Drivers/BSP/Components/es_wifi/es_wifi.c:2775:18:ES_WIFI_StoreKey	24	static
