../Middlewares/Third_Party/mbedTLS/library/memory_buffer_alloc.c:113:12:verify_header	16	static
../Middlewares/Third_Party/mbedTLS/library/memory_buffer_alloc.c:153:12:verify_chain	16	static
../Middlewares/Third_Party/mbedTLS/library/memory_buffer_alloc.c:199:14:buffer_alloc_calloc	40	static
../Middlewares/Third_Party/mbedTLS/library/memory_buffer_alloc.c:360:13:buffer_alloc_free	32	static
../Middlewares/Third_Party/mbedTLS/library/memory_buffer_alloc.c:481:6:mbedtls_memory_buffer_set_verify	16	static
../Middlewares/Third_Party/mbedTLS/library/memory_buffer_alloc.c:486:5:mbedtls_memory_buffer_alloc_verify	8	static
../Middlewares/Third_Party/mbedTLS/library/memory_buffer_alloc.c:562:6:mbedtls_memory_buffer_alloc_init	16	static
../Middlewares/Third_Party/mbedTLS/library/memory_buffer_alloc.c:596:6:mbedtls_memory_buffer_alloc_free	8	static
../Middlewares/Third_Party/mbedTLS/library/memory_buffer_alloc.c:605:12:check_pointer	16	static
../Middlewares/Third_Party/mbedTLS/library/memory_buffer_alloc.c:618:12:check_all_free	4	static
../Middlewares/Third_Party/mbedTLS/library/memory_buffer_alloc.c:642:5:mbedtls_memory_buffer_alloc_self_test	1064	static
