../Drivers/STM32L4xx_HAL_Driver/Src/stm32l4xx_hal_ospi.c:2786:13:OSPI_DMACplt	0	static
../Drivers/STM32L4xx_HAL_Driver/Src/stm32l4xx_hal_ospi.c:2950:26:OSPI_ConfigCmd	28	static
../Drivers/STM32L4xx_HAL_Driver/Src/stm32l4xx_hal_ospi.c:2923:26:OSPI_WaitFlagStateUntilTimeout	24	static
../Drivers/STM32L4xx_HAL_Driver/Src/stm32l4xx_hal_ospi.c:457:13:HAL_OSPI_MspInit	0	static
../Drivers/STM32L4xx_HAL_Driver/Src/stm32l4xx_hal_ospi.c:320:19:HAL_OSPI_Init	32	static
../Drivers/STM32L4xx_HAL_Driver/Src/stm32l4xx_hal_ospi.c:515:13:HAL_OSPI_MspDeInit	0	static
../Drivers/STM32L4xx_HAL_Driver/Src/stm32l4xx_hal_ospi.c:472:19:HAL_OSPI_DeInit	8	static
../Drivers/STM32L4xx_HAL_Driver/Src/stm32l4xx_hal_ospi.c:786:19:HAL_OSPI_Command	32	static
../Drivers/STM32L4xx_HAL_Driver/Src/stm32l4xx_hal_ospi.c:912:19:HAL_OSPI_Command_IT	24	static
../Drivers/STM32L4xx_HAL_Driver/Src/stm32l4xx_hal_ospi.c:1002:19:HAL_OSPI_HyperbusCfg	24	static
../Drivers/STM32L4xx_HAL_Driver/Src/stm32l4xx_hal_ospi.c:1049:19:HAL_OSPI_HyperbusCmd	24	static
../Drivers/STM32L4xx_HAL_Driver/Src/stm32l4xx_hal_ospi.c:1111:19:HAL_OSPI_Transmit	32	static
../Drivers/STM32L4xx_HAL_Driver/Src/stm32l4xx_hal_ospi.c:1186:19:HAL_OSPI_Receive	32	static
../Drivers/STM32L4xx_HAL_Driver/Src/stm32l4xx_hal_ospi.c:1279:19:HAL_OSPI_Transmit_IT	0	static
../Drivers/STM32L4xx_HAL_Driver/Src/stm32l4xx_hal_ospi.c:1329:19:HAL_OSPI_Receive_IT	12	static
../Drivers/STM32L4xx_HAL_Driver/Src/stm32l4xx_hal_ospi.c:1402:19:HAL_OSPI_Transmit_DMA	16	static
../Drivers/STM32L4xx_HAL_Driver/Src/stm32l4xx_hal_ospi.c:1525:19:HAL_OSPI_Receive_DMA	24	static
../Drivers/STM32L4xx_HAL_Driver/Src/stm32l4xx_hal_ospi.c:1664:19:HAL_OSPI_AutoPolling	40	static
../Drivers/STM32L4xx_HAL_Driver/Src/stm32l4xx_hal_ospi.c:1743:19:HAL_OSPI_AutoPolling_IT	32	static
../Drivers/STM32L4xx_HAL_Driver/Src/stm32l4xx_hal_ospi.c:1818:19:HAL_OSPI_MemoryMapped	24	static
../Drivers/STM32L4xx_HAL_Driver/Src/stm32l4xx_hal_ospi.c:1871:10:HAL_OSPI_IsMemoryMapped	0	static
../Drivers/STM32L4xx_HAL_Driver/Src/stm32l4xx_hal_ospi.c:1894:13:HAL_OSPI_ErrorCallback	0	static
../Drivers/STM32L4xx_HAL_Driver/Src/stm32l4xx_hal_ospi.c:1909:13:HAL_OSPI_AbortCpltCallback	0	static
../Drivers/STM32L4xx_HAL_Driver/Src/stm32l4xx_hal_ospi.c:2866:13:OSPI_DMAAbortCplt	8	static
../Drivers/STM32L4xx_HAL_Driver/Src/stm32l4xx_hal_ospi.c:1924:13:HAL_OSPI_FifoThresholdCallback	0	static
../Drivers/STM32L4xx_HAL_Driver/Src/stm32l4xx_hal_ospi.c:1939:13:HAL_OSPI_CmdCpltCallback	0	static
../Drivers/STM32L4xx_HAL_Driver/Src/stm32l4xx_hal_ospi.c:1954:13:HAL_OSPI_RxCpltCallback	0	static
../Drivers/STM32L4xx_HAL_Driver/Src/stm32l4xx_hal_ospi.c:1969:13:HAL_OSPI_TxCpltCallback	0	static
../Drivers/STM32L4xx_HAL_Driver/Src/stm32l4xx_hal_ospi.c:1984:13:HAL_OSPI_RxHalfCpltCallback	0	static
../Drivers/STM32L4xx_HAL_Driver/Src/stm32l4xx_hal_ospi.c:1999:13:HAL_OSPI_TxHalfCpltCallback	0	static
../Drivers/STM32L4xx_HAL_Driver/Src/stm32l4xx_hal_ospi.c:2806:13:OSPI_DMAHalfCplt	8	static
../Drivers/STM32L4xx_HAL_Driver/Src/stm32l4xx_hal_ospi.c:2014:13:HAL_OSPI_StatusMatchCallback	0	static
../Drivers/STM32L4xx_HAL_Driver/Src/stm32l4xx_hal_ospi.c:2029:13:HAL_OSPI_TimeOutCallback	0	static
../Drivers/STM32L4xx_HAL_Driver/Src/stm32l4xx_hal_ospi.c:555:6:HAL_OSPI_IRQHandler	16	static
../Drivers/STM32L4xx_HAL_Driver/Src/stm32l4xx_hal_ospi.c:2280:19:HAL_OSPI_Abort	24	static
../Drivers/STM32L4xx_HAL_Driver/Src/stm32l4xx_hal_ospi.c:2348:19:HAL_OSPI_Abort_IT	8	static
../Drivers/STM32L4xx_HAL_Driver/Src/stm32l4xx_hal_ospi.c:2834:13:OSPI_DMAError	8	static
../Drivers/STM32L4xx_HAL_Driver/Src/stm32l4xx_hal_ospi.c:2426:19:HAL_OSPI_SetFifoThreshold	0	static
../Drivers/STM32L4xx_HAL_Driver/Src/stm32l4xx_hal_ospi.c:2454:10:HAL_OSPI_GetFifoThreshold	0	static
../Drivers/STM32L4xx_HAL_Driver/Src/stm32l4xx_hal_ospi.c:2464:19:HAL_OSPI_SetTimeout	0	static
../Drivers/STM32L4xx_HAL_Driver/Src/stm32l4xx_hal_ospi.c:2475:10:HAL_OSPI_GetError	0	static
../Drivers/STM32L4xx_HAL_Driver/Src/stm32l4xx_hal_ospi.c:2485:10:HAL_OSPI_GetState	0	static
../Drivers/STM32L4xx_HAL_Driver/Src/stm32l4xx_hal_ospi.c:2517:19:HAL_OSPIM_Config	88	static
