../Drivers/STM32L4xx_HAL_Driver/Src/stm32l4xx_hal_rng.c:388:13:HAL_RNG_MspInit	0	static
../Drivers/STM32L4xx_HAL_Driver/Src/stm32l4xx_hal_rng.c:167:19:HAL_RNG_Init	16	static
../Drivers/STM32L4xx_HAL_Driver/Src/stm32l4xx_hal_rng.c:403:13:HAL_RNG_MspDeInit	0	static
../Drivers/STM32L4xx_HAL_Driver/Src/stm32l4xx_hal_rng.c:305:19:HAL_RNG_DeInit	8	static
../Drivers/STM32L4xx_HAL_Driver/Src/stm32l4xx_hal_rng.c:673:19:HAL_RNG_GenerateRandomNumber	24	static
../Drivers/STM32L4xx_HAL_Driver/Src/stm32l4xx_hal_rng.c:762:19:HAL_RNG_GenerateRandomNumber_IT	0	static
../Drivers/STM32L4xx_HAL_Driver/Src/stm32l4xx_hal_rng.c:797:10:HAL_RNG_GetRandomNumber	8	static
../Drivers/STM32L4xx_HAL_Driver/Src/stm32l4xx_hal_rng.c:816:10:HAL_RNG_GetRandomNumber_IT	0	static
../Drivers/STM32L4xx_HAL_Driver/Src/stm32l4xx_hal_rng.c:944:10:HAL_RNG_ReadLastRandomNumber	0	static
../Drivers/STM32L4xx_HAL_Driver/Src/stm32l4xx_hal_rng.c:962:13:HAL_RNG_ReadyDataCallback	0	static
../Drivers/STM32L4xx_HAL_Driver/Src/stm32l4xx_hal_rng.c:978:13:HAL_RNG_ErrorCallback	0	static
../Drivers/STM32L4xx_HAL_Driver/Src/stm32l4xx_hal_rng.c:857:6:HAL_RNG_IRQHandler	8	static
../Drivers/STM32L4xx_HAL_Driver/Src/stm32l4xx_hal_rng.c:1012:22:HAL_RNG_GetState	0	static
../Drivers/STM32L4xx_HAL_Driver/Src/stm32l4xx_hal_rng.c:1022:10:HAL_RNG_GetError	0	static
