../Core/Inc/bh1750.h:13:20:BH1750_Init	32	static
../Core/Inc/light_anomaly.h:46:5:LedAnomaly_AiInit	96	static
../Core/Inc/light_anomaly.h:84:5:LedAnomaly_Init	0	static
../Core/Inc/light_anomaly.h:90:6:LedAnomaly_Update	352	static
../Core/Src/main.c:304:6:SystemClock_Config	104	static,ignoring_inline_asm
../Core/Src/main.c:364:6:PeriphCommonClock_Config	160	static,ignoring_inline_asm
../Core/Src/main.c:122:5:main	104	static,ignoring_inline_asm
../Core/Src/main.c:1087:5:_write	8	static
../Core/Src/main.c:1099:6:Error_Handler	0	static,ignoring_inline_asm
