../Middlewares/Third_Party/mbedTLS/library/asn1write.c:24:5:mbedtls_asn1_write_len	8	static
../Middlewares/Third_Party/mbedTLS/library/asn1write.c:56:5:mbedtls_asn1_write_tag	0	static
../Middlewares/Third_Party/mbedTLS/library/asn1write.c:69:12:mbedtls_asn1_write_len_and_tag	24	static
../Middlewares/Third_Party/mbedTLS/library/asn1write.c:200:12:asn1_write_tagged_int	16	static
../Middlewares/Third_Party/mbedTLS/library/asn1write.c:82:5:mbedtls_asn1_write_raw_buffer	16	static
../Middlewares/Third_Party/mbedTLS/library/asn1write.c:99:5:mbedtls_asn1_write_mpi	24	static
../Middlewares/Third_Party/mbedTLS/library/asn1write.c:140:5:mbedtls_asn1_write_null	0	static
../Middlewares/Third_Party/mbedTLS/library/asn1write.c:147:5:mbedtls_asn1_write_oid	16	static
../Middlewares/Third_Party/mbedTLS/library/asn1write.c:165:5:mbedtls_asn1_write_algorithm_identifier_ext	24	static
../Middlewares/Third_Party/mbedTLS/library/asn1write.c:158:5:mbedtls_asn1_write_algorithm_identifier	16	static
../Middlewares/Third_Party/mbedTLS/library/asn1write.c:186:5:mbedtls_asn1_write_bool	8	static
../Middlewares/Third_Party/mbedTLS/library/asn1write.c:224:5:mbedtls_asn1_write_int	0	static
../Middlewares/Third_Party/mbedTLS/library/asn1write.c:229:5:mbedtls_asn1_write_enum	0	static
../Middlewares/Third_Party/mbedTLS/library/asn1write.c:234:5:mbedtls_asn1_write_tagged_string	16	static
../Middlewares/Third_Party/mbedTLS/library/asn1write.c:247:5:mbedtls_asn1_write_utf8_string	16	static
../Middlewares/Third_Party/mbedTLS/library/asn1write.c:253:5:mbedtls_asn1_write_printable_string	16	static
../Middlewares/Third_Party/mbedTLS/library/asn1write.c:260:5:mbedtls_asn1_write_ia5_string	16	static
../Middlewares/Third_Party/mbedTLS/library/asn1write.c:310:5:mbedtls_asn1_write_bitstring	24	static
../Middlewares/Third_Party/mbedTLS/library/asn1write.c:266:5:mbedtls_asn1_write_named_bitstring	12	static
../Middlewares/Third_Party/mbedTLS/library/asn1write.c:339:5:mbedtls_asn1_write_octet_string	16	static
../Middlewares/Third_Party/mbedTLS/library/asn1write.c:374:26:mbedtls_asn1_store_named_data	32	static
