../Middlewares/Third_Party/mbedTLS/library/constant_time_impl.h:135:38:mbedtls_ct_bool	0	static
../Middlewares/Third_Party/mbedTLS/library/bignum.c:48:28:mbedtls_ct_mpi_sign_if	0	static
../Middlewares/Third_Party/mbedTLS/library/bignum.c:57:5:mbedtls_mpi_lt_mpi_ct	32	static
../Middlewares/Third_Party/mbedTLS/library/bignum.c:181:6:mbedtls_mpi_init	0	static
../Middlewares/Third_Party/mbedTLS/library/bignum.c:191:6:mbedtls_mpi_free	8	static
../Middlewares/Third_Party/mbedTLS/library/bignum.c:209:5:mbedtls_mpi_grow	16	static
../Middlewares/Third_Party/mbedTLS/library/bignum.c:118:5:mbedtls_mpi_safe_cond_assign	24	static
../Middlewares/Third_Party/mbedTLS/library/bignum.c:149:5:mbedtls_mpi_safe_cond_swap	24	static
../Middlewares/Third_Party/mbedTLS/library/bignum.c:284:12:mbedtls_mpi_resize_clear	16	static
../Middlewares/Third_Party/mbedTLS/library/bignum.c:240:5:mbedtls_mpi_shrink	16	static
../Middlewares/Third_Party/mbedTLS/library/bignum.c:307:5:mbedtls_mpi_copy	16	static
../Middlewares/Third_Party/mbedTLS/library/bignum.c:349:6:mbedtls_mpi_swap	16	static
../Middlewares/Third_Party/mbedTLS/library/bignum.c:377:5:mbedtls_mpi_lset	16	static
../Middlewares/Third_Party/mbedTLS/library/bignum.c:395:5:mbedtls_mpi_get_bit	0	static
../Middlewares/Third_Party/mbedTLS/library/bignum.c:407:5:mbedtls_mpi_set_bit	24	static
../Middlewares/Third_Party/mbedTLS/library/bignum.c:436:8:mbedtls_mpi_lsb	0	static
../Middlewares/Third_Party/mbedTLS/library/bignum.c:473:8:mbedtls_mpi_bitlen	0	static
../Middlewares/Third_Party/mbedTLS/library/bignum.c:481:8:mbedtls_mpi_size	8	static
../Middlewares/Third_Party/mbedTLS/library/bignum.c:793:5:mbedtls_mpi_read_binary_le	16	static
../Middlewares/Third_Party/mbedTLS/library/bignum.c:820:5:mbedtls_mpi_read_binary	16	static
../Middlewares/Third_Party/mbedTLS/library/bignum.c:843:5:mbedtls_mpi_write_binary_le	0	static
../Middlewares/Third_Party/mbedTLS/library/bignum.c:852:5:mbedtls_mpi_write_binary	0	static
../Middlewares/Third_Party/mbedTLS/library/bignum.c:861:5:mbedtls_mpi_shift_l	16	static
../Middlewares/Third_Party/mbedTLS/library/bignum.c:883:5:mbedtls_mpi_shift_r	8	static
../Middlewares/Third_Party/mbedTLS/library/bignum.c:894:5:mbedtls_mpi_cmp_abs	8	static
../Middlewares/Third_Party/mbedTLS/library/bignum.c:935:5:mbedtls_mpi_cmp_mpi	12	static
../Middlewares/Third_Party/mbedTLS/library/bignum.c:984:5:mbedtls_mpi_cmp_int	24	static
../Middlewares/Third_Party/mbedTLS/library/bignum.c:1000:5:mbedtls_mpi_add_abs	24	static
../Middlewares/Third_Party/mbedTLS/library/bignum.c:1061:5:mbedtls_mpi_sub_abs	24	static
../Middlewares/Third_Party/mbedTLS/library/bignum.c:1112:12:add_sub_mpi	32	static
../Middlewares/Third_Party/mbedTLS/library/bignum.c:1145:5:mbedtls_mpi_add_mpi	0	static
../Middlewares/Third_Party/mbedTLS/library/bignum.c:1153:5:mbedtls_mpi_sub_mpi	0	static
../Middlewares/Third_Party/mbedTLS/library/bignum.c:1161:5:mbedtls_mpi_add_int	24	static
../Middlewares/Third_Party/mbedTLS/library/bignum.c:1177:5:mbedtls_mpi_sub_int	24	static
../Middlewares/Third_Party/mbedTLS/library/bignum.c:1193:5:mbedtls_mpi_mul_mpi	56	static
../Middlewares/Third_Party/mbedTLS/library/bignum.c:1253:5:mbedtls_mpi_mul_int	32	static
../Middlewares/Third_Party/mbedTLS/library/bignum.c:513:5:mbedtls_mpi_read_string	40	static
../Middlewares/Third_Party/mbedTLS/library/bignum.c:1393:5:mbedtls_mpi_div_mpi	136	static
../Middlewares/Third_Party/mbedTLS/library/bignum.c:1516:5:mbedtls_mpi_div_int	24	static
../Middlewares/Third_Party/mbedTLS/library/bignum.c:1534:5:mbedtls_mpi_mod_mpi	16	static
../Middlewares/Third_Party/mbedTLS/library/bignum.c:1618:12:mbedtls_mpi_exp_mod_optionally_safe	80	static
../Middlewares/Third_Party/mbedTLS/library/bignum.c:1560:5:mbedtls_mpi_mod_int	20	static
../Middlewares/Third_Party/mbedTLS/library/bignum.c:615:5:mbedtls_mpi_write_string	56	static
../Middlewares/Third_Party/mbedTLS/library/bignum.c:2026:12:mpi_check_small_factors	32	static
../Middlewares/Third_Party/mbedTLS/library/bignum.c:1732:5:mbedtls_mpi_exp_mod	16	static
../Middlewares/Third_Party/mbedTLS/library/bignum.c:1739:5:mbedtls_mpi_exp_mod_unsafe	16	static
../Middlewares/Third_Party/mbedTLS/library/bignum.c:1749:5:mbedtls_mpi_gcd	40	static
../Middlewares/Third_Party/mbedTLS/library/bignum.c:1858:5:mbedtls_mpi_fill_random	32	static
../Middlewares/Third_Party/mbedTLS/library/bignum.c:2055:12:mpi_miller_rabin	104	static
../Middlewares/Third_Party/mbedTLS/library/bignum.c:1877:5:mbedtls_mpi_random	32	static
../Middlewares/Third_Party/mbedTLS/library/bignum.c:1904:5:mbedtls_mpi_inv_mod	120	static
../Middlewares/Third_Party/mbedTLS/library/bignum.c:2144:5:mbedtls_mpi_is_prime_ext	32	static
../Middlewares/Third_Party/mbedTLS/library/bignum.c:2182:5:mbedtls_mpi_gen_prime	64	static
../Middlewares/Third_Party/mbedTLS/library/bignum.c:2316:5:mbedtls_mpi_self_test	88	static
