../Middlewares/Third_Party/mbedTLS/library/constant_time_impl.h:135:38:mbedtls_ct_bool	0	static
../Middlewares/Third_Party/mbedTLS/library/constant_time_impl.h:286:38:mbedtls_ct_uint_lt	8	static
../Middlewares/Third_Party/mbedTLS/library/bignum_core.c:24:8:mbedtls_mpi_core_clz	0	static
../Middlewares/Third_Party/mbedTLS/library/bignum_core.c:53:8:mbedtls_mpi_core_bitlen	0	static
../Middlewares/Third_Party/mbedTLS/library/bignum_core.c:82:6:mbedtls_mpi_core_bigendian_to_host	0	static
../Middlewares/Third_Party/mbedTLS/library/bignum_core.c:114:24:mbedtls_mpi_core_uint_le_mpi	24	static
../Middlewares/Third_Party/mbedTLS/library/bignum_core.c:132:24:mbedtls_mpi_core_lt_ct	32	static
../Middlewares/Third_Party/mbedTLS/library/bignum_core.c:168:6:mbedtls_mpi_core_cond_assign	20	static
../Middlewares/Third_Party/mbedTLS/library/bignum_core.c:187:6:mbedtls_mpi_core_cond_swap	20	static
../Middlewares/Third_Party/mbedTLS/library/bignum_core.c:203:5:mbedtls_mpi_core_read_le	16	static
../Middlewares/Third_Party/mbedTLS/library/bignum_core.c:226:5:mbedtls_mpi_core_read_be	24	static
../Middlewares/Third_Party/mbedTLS/library/bignum_core.c:257:5:mbedtls_mpi_core_write_le	24	static
../Middlewares/Third_Party/mbedTLS/library/bignum_core.c:291:5:mbedtls_mpi_core_write_be	16	static
../Middlewares/Third_Party/mbedTLS/library/bignum_core.c:330:6:mbedtls_mpi_core_shift_r	16	static
../Middlewares/Third_Party/mbedTLS/library/bignum_core.c:370:6:mbedtls_mpi_core_shift_l	20	static
../Middlewares/Third_Party/mbedTLS/library/bignum_core.c:405:18:mbedtls_mpi_core_add	20	static
../Middlewares/Third_Party/mbedTLS/library/bignum_core.c:423:18:mbedtls_mpi_core_add_if	24	static
../Middlewares/Third_Party/mbedTLS/library/bignum_core.c:444:18:mbedtls_mpi_core_sub	20	static
../Middlewares/Third_Party/mbedTLS/library/bignum_core.c:461:18:mbedtls_mpi_core_mla	32	static
../Middlewares/Third_Party/mbedTLS/library/bignum_core.c:499:6:mbedtls_mpi_core_mul	40	static
../Middlewares/Third_Party/mbedTLS/library/bignum_core.c:513:18:mbedtls_mpi_core_montmul_init	0	static
../Middlewares/Third_Party/mbedTLS/library/bignum_core.c:526:6:mbedtls_mpi_core_montmul	64	static
../Middlewares/Third_Party/mbedTLS/library/bignum_core.c:847:13:mbedtls_mpi_core_exp_mod_optionally_safe	88	static
../Middlewares/Third_Party/mbedTLS/library/bignum_core.c:582:5:mbedtls_mpi_core_get_mont_r2_unsafe	16	static
../Middlewares/Third_Party/mbedTLS/library/bignum_core.c:615:5:mbedtls_mpi_core_fill_random	32	static
../Middlewares/Third_Party/mbedTLS/library/bignum_core.c:637:5:mbedtls_mpi_core_random	56	static
../Middlewares/Third_Party/mbedTLS/library/bignum_core.c:709:8:mbedtls_mpi_core_exp_mod_working_limbs	0	static
../Middlewares/Third_Party/mbedTLS/library/bignum_core.c:933:6:mbedtls_mpi_core_exp_mod	32	static
../Middlewares/Third_Party/mbedTLS/library/bignum_core.c:951:6:mbedtls_mpi_core_exp_mod_unsafe	32	static
../Middlewares/Third_Party/mbedTLS/library/bignum_core.c:969:18:mbedtls_mpi_core_sub_int	16	static
../Middlewares/Third_Party/mbedTLS/library/bignum_core.c:984:24:mbedtls_mpi_core_check_zero_ct	0	static
../Middlewares/Third_Party/mbedTLS/library/bignum_core.c:997:6:mbedtls_mpi_core_to_mont_rep	24	static
../Middlewares/Third_Party/mbedTLS/library/bignum_core.c:1008:6:mbedtls_mpi_core_from_mont_rep	40	static
