../Middlewares/Third_Party/mbedTLS/library/ccm.c:156:12:ccm_calculate_first_block_if_ready	32	static
../Middlewares/Third_Party/mbedTLS/library/ccm.c:123:12:mbedtls_ccm_crypt	64	static
../Middlewares/Third_Party/mbedTLS/library/ccm.c:47:6:mbedtls_ccm_init	0	static
../Middlewares/Third_Party/mbedTLS/library/ccm.c:52:5:mbedtls_ccm_setkey	24	static
../Middlewares/Third_Party/mbedTLS/library/ccm.c:100:6:mbedtls_ccm_free	8	static
../Middlewares/Third_Party/mbedTLS/library/ccm.c:222:5:mbedtls_ccm_starts	24	static
../Middlewares/Third_Party/mbedTLS/library/ccm.c:260:5:mbedtls_ccm_set_lengths	8	static
../Middlewares/Third_Party/mbedTLS/library/ccm.c:289:5:mbedtls_ccm_update_ad	48	static
../Middlewares/Third_Party/mbedTLS/library/ccm.c:358:5:mbedtls_ccm_update	80	static
../Middlewares/Third_Party/mbedTLS/library/ccm.c:472:5:mbedtls_ccm_finish	32	static
../Middlewares/Third_Party/mbedTLS/library/ccm.c:512:12:ccm_auth_crypt	56	static
../Middlewares/Third_Party/mbedTLS/library/ccm.c:548:5:mbedtls_ccm_star_encrypt_and_tag	40	static
../Middlewares/Third_Party/mbedTLS/library/ccm.c:558:5:mbedtls_ccm_encrypt_and_tag	40	static
../Middlewares/Third_Party/mbedTLS/library/ccm.c:608:5:mbedtls_ccm_star_auth_decrypt	72	static
../Middlewares/Third_Party/mbedTLS/library/ccm.c:619:5:mbedtls_ccm_auth_decrypt	72	static
../Middlewares/Third_Party/mbedTLS/library/ccm.c:680:5:mbedtls_ccm_self_test	272	static
