../Middlewares/Third_Party/mbedTLS/library/constant_time_impl.h:135:38:mbedtls_ct_bool	0	static
../Middlewares/Third_Party/mbedTLS/library/constant_time_impl.h:286:38:mbedtls_ct_uint_lt	8	static
../Middlewares/Third_Party/mbedTLS/library/constant_time_impl.h:397:38:mbedtls_ct_uint_ne	0	static
../Middlewares/Third_Party/mbedTLS/library/cipher.c:830:13:add_pkcs_padding	8	static
../Middlewares/Third_Party/mbedTLS/library/cipher.c:877:13:add_one_and_zeros_padding	12	static
../Middlewares/Third_Party/mbedTLS/library/cipher.c:921:13:add_zeros_and_len_padding	16	static
../Middlewares/Third_Party/mbedTLS/library/cipher.c:1001:12:get_no_padding	0	static
../Middlewares/Third_Party/mbedTLS/library/cipher.c:968:13:add_zeros_padding	0	static
../Middlewares/Third_Party/mbedTLS/library/cipher.c:841:12:get_pkcs_padding	32	static
../Middlewares/Third_Party/mbedTLS/library/cipher.c:933:12:get_zeros_and_len_padding	24	static
../Middlewares/Third_Party/mbedTLS/library/cipher.c:974:12:get_zeros_padding	32	static
../Middlewares/Third_Party/mbedTLS/library/cipher.c:889:12:get_one_and_zeros_padding	40	static
../Middlewares/Third_Party/mbedTLS/library/cipher.c:64:12:mbedtls_cipher_list	0	static
../Middlewares/Third_Party/mbedTLS/library/cipher.c:85:30:mbedtls_cipher_info_from_type	0	static
../Middlewares/Third_Party/mbedTLS/library/cipher.c:99:30:mbedtls_cipher_info_from_string	16	static
../Middlewares/Third_Party/mbedTLS/library/cipher.c:117:30:mbedtls_cipher_info_from_values	20	static
../Middlewares/Third_Party/mbedTLS/library/cipher.c:201:6:mbedtls_cipher_init	0	static
../Middlewares/Third_Party/mbedTLS/library/cipher.c:206:6:mbedtls_cipher_free	8	static
../Middlewares/Third_Party/mbedTLS/library/cipher.c:245:5:mbedtls_cipher_setup	16	static
../Middlewares/Third_Party/mbedTLS/library/cipher.c:302:5:mbedtls_cipher_setkey	12	static
../Middlewares/Third_Party/mbedTLS/library/cipher.c:412:5:mbedtls_cipher_set_iv	24	static
../Middlewares/Third_Party/mbedTLS/library/cipher.c:511:5:mbedtls_cipher_reset	0	static
../Middlewares/Third_Party/mbedTLS/library/cipher.c:531:5:mbedtls_cipher_update_ad	16	static
../Middlewares/Third_Party/mbedTLS/library/cipher.c:579:5:mbedtls_cipher_update	64	static
../Middlewares/Third_Party/mbedTLS/library/cipher.c:1014:5:mbedtls_cipher_finish	32	static
../Middlewares/Third_Party/mbedTLS/library/cipher.c:1122:5:mbedtls_cipher_set_padding_mode	0	static
../Middlewares/Third_Party/mbedTLS/library/cipher.c:1182:5:mbedtls_cipher_write_tag	32	static
../Middlewares/Third_Party/mbedTLS/library/cipher.c:1228:5:mbedtls_cipher_check_tag	56	static
../Middlewares/Third_Party/mbedTLS/library/cipher.c:1309:5:mbedtls_cipher_crypt	40	static
../Middlewares/Third_Party/mbedTLS/library/cipher.c:1585:5:mbedtls_cipher_auth_encrypt_ext	80	static
../Middlewares/Third_Party/mbedTLS/library/cipher.c:1636:5:mbedtls_cipher_auth_decrypt_ext	72	static
