../Middlewares/Third_Party/mbedTLS/library/constant_time_impl.h:135:38:mbedtls_ct_bool	0	static
../Middlewares/Third_Party/mbedTLS/library/constant_time_impl.h:286:38:mbedtls_ct_uint_lt	8	static
../Middlewares/Third_Party/mbedTLS/library/constant_time.c:68:5:mbedtls_ct_memcmp	16	static
../Middlewares/Third_Party/mbedTLS/library/constant_time.c:121:5:mbedtls_ct_memcmp_partial	48	static
../Middlewares/Third_Party/mbedTLS/library/constant_time.c:151:6:mbedtls_ct_memmove_left	32	static
../Middlewares/Third_Party/mbedTLS/library/constant_time.c:170:6:mbedtls_ct_memcpy_if	20	static
../Middlewares/Third_Party/mbedTLS/library/constant_time.c:215:6:mbedtls_ct_memcpy_offset	40	static
../Middlewares/Third_Party/mbedTLS/library/constant_time.c:232:6:mbedtls_ct_zeroize_if	12	static
