../Middlewares/Third_Party/mbedTLS/library/dhm.c:41:12:dhm_read_bignum	16	static
../Middlewares/Third_Party/mbedTLS/library/dhm.c:79:12:dhm_check_range	24	static
../Middlewares/Third_Party/mbedTLS/library/dhm.c:168:12:dhm_random_below	16	static
../Middlewares/Third_Party/mbedTLS/library/dhm.c:180:12:dhm_make_common	32	static
../Middlewares/Third_Party/mbedTLS/library/dhm.c:458:6:mbedtls_dhm_free.part.0	8	static
../Middlewares/Third_Party/mbedTLS/library/dhm.c:98:6:mbedtls_dhm_init	0	static
../Middlewares/Third_Party/mbedTLS/library/dhm.c:103:8:mbedtls_dhm_get_bitlen	0	static
../Middlewares/Third_Party/mbedTLS/library/dhm.c:108:8:mbedtls_dhm_get_len	0	static
../Middlewares/Third_Party/mbedTLS/library/dhm.c:113:5:mbedtls_dhm_get_value	0	static
../Middlewares/Third_Party/mbedTLS/library/dhm.c:146:5:mbedtls_dhm_read_params	24	static
../Middlewares/Third_Party/mbedTLS/library/dhm.c:223:5:mbedtls_dhm_make_params	40	static
../Middlewares/Third_Party/mbedTLS/library/dhm.c:272:5:mbedtls_dhm_set_group	16	static
../Middlewares/Third_Party/mbedTLS/library/dhm.c:289:5:mbedtls_dhm_read_public	16	static
../Middlewares/Third_Party/mbedTLS/library/dhm.c:308:5:mbedtls_dhm_make_public	24	static
../Middlewares/Third_Party/mbedTLS/library/dhm.c:405:5:mbedtls_dhm_calc_secret	64	static
../Middlewares/Third_Party/mbedTLS/library/dhm.c:458:6:mbedtls_dhm_free	0	static
../Middlewares/Third_Party/mbedTLS/library/dhm.c:482:5:mbedtls_dhm_parse_dhm	80	static
../Middlewares/Third_Party/mbedTLS/library/dhm.c:678:5:mbedtls_dhm_self_test	96	static
