../Middlewares/Third_Party/mbedTLS/library/ecp.c:3472:12:self_test_rng	16	static
../Middlewares/Third_Party/mbedTLS/library/ecp.c:317:13:mpi_init_many	16	static
../Middlewares/Third_Party/mbedTLS/library/ecp.c:324:13:mpi_free_many	16	static
../Middlewares/Third_Party/mbedTLS/library/ecp.c:1457:12:ecp_safe_invert_jac	32	static
../Middlewares/Third_Party/mbedTLS/library/ecp.c:2012:12:ecp_select_comb	48	static
../Middlewares/Third_Party/mbedTLS/library/ecp.c:1078:19:mbedtls_mpi_sub_mod	16	static
../Middlewares/Third_Party/mbedTLS/library/ecp.c:1055:19:mbedtls_mpi_mul_mod	16	static
../Middlewares/Third_Party/mbedTLS/library/ecp.c:2452:12:ecp_randomize_mxz	40	static
../Middlewares/Third_Party/mbedTLS/library/ecp.c:1681:12:ecp_randomize_jac	40	static
../Middlewares/Third_Party/mbedTLS/library/ecp.c:1314:12:ecp_normalize_jac	32	static
../Middlewares/Third_Party/mbedTLS/library/ecp.c:1360:12:ecp_normalize_jac_many	56	static
../Middlewares/Third_Party/mbedTLS/library/ecp.c:1099:19:mbedtls_mpi_add_mod	16	static
../Middlewares/Third_Party/mbedTLS/library/ecp.c:1112:19:mbedtls_mpi_mul_int_mod.part.0	16	static
../Middlewares/Third_Party/mbedTLS/library/ecp.c:544:6:mbedtls_ecp_point_free.part.0	8	static
../Middlewares/Third_Party/mbedTLS/library/ecp.c:1143:19:mbedtls_mpi_shift_l_mod.constprop	16	static
../Middlewares/Third_Party/mbedTLS/library/ecp.c:1225:12:ecp_sw_rhs	24	static
../Middlewares/Third_Party/mbedTLS/library/ecp.c:1486:12:ecp_double_jac	40	static
../Middlewares/Third_Party/mbedTLS/library/ecp.c:396:31:mbedtls_ecp_curve_list	0	static
../Middlewares/Third_Party/mbedTLS/library/ecp.c:404:29:mbedtls_ecp_grp_id_list	16	static
../Middlewares/Third_Party/mbedTLS/library/ecp.c:428:31:mbedtls_ecp_curve_info_from_grp_id	0	static
../Middlewares/Third_Party/mbedTLS/library/ecp.c:446:31:mbedtls_ecp_curve_info_from_tls_id	0	static
../Middlewares/Third_Party/mbedTLS/library/ecp.c:464:31:mbedtls_ecp_curve_info_from_name	16	static
../Middlewares/Third_Party/mbedTLS/library/ecp.c:486:24:mbedtls_ecp_get_type	0	static
../Middlewares/Third_Party/mbedTLS/library/ecp.c:502:6:mbedtls_ecp_point_init	8	static
../Middlewares/Third_Party/mbedTLS/library/ecp.c:512:6:mbedtls_ecp_group_init	16	static
../Middlewares/Third_Party/mbedTLS/library/ecp.c:534:6:mbedtls_ecp_keypair_init	8	static
../Middlewares/Third_Party/mbedTLS/library/ecp.c:544:6:mbedtls_ecp_point_free	0	static
../Middlewares/Third_Party/mbedTLS/library/ecp.c:571:6:mbedtls_ecp_group_free	16	static
../Middlewares/Third_Party/mbedTLS/library/ecp.c:603:6:mbedtls_ecp_keypair_free	8	static
../Middlewares/Third_Party/mbedTLS/library/ecp.c:617:5:mbedtls_ecp_copy	16	static
../Middlewares/Third_Party/mbedTLS/library/ecp.c:631:5:mbedtls_ecp_group_copy	0	static
../Middlewares/Third_Party/mbedTLS/library/ecp.c:639:5:mbedtls_ecp_set_zero	8	static
../Middlewares/Third_Party/mbedTLS/library/ecp.c:1583:12:ecp_add_mixed	40	static
../Middlewares/Third_Party/mbedTLS/library/ecp.c:2164:12:ecp_mul_comb_after_precomp.isra	400	static
../Middlewares/Third_Party/mbedTLS/library/ecp.c:653:5:mbedtls_ecp_is_zero	8	static
../Middlewares/Third_Party/mbedTLS/library/ecp.c:661:5:mbedtls_ecp_point_cmp	16	static
../Middlewares/Third_Party/mbedTLS/library/ecp.c:676:5:mbedtls_ecp_point_read_string	16	static
../Middlewares/Third_Party/mbedTLS/library/ecp.c:691:5:mbedtls_ecp_point_write_binary	40	static
../Middlewares/Third_Party/mbedTLS/library/ecp.c:769:5:mbedtls_ecp_point_read_binary	64	static
../Middlewares/Third_Party/mbedTLS/library/ecp.c:844:5:mbedtls_ecp_tls_read_point	8	static
../Middlewares/Third_Party/mbedTLS/library/ecp.c:877:5:mbedtls_ecp_tls_write_point	24	static
../Middlewares/Third_Party/mbedTLS/library/ecp.c:927:5:mbedtls_ecp_tls_read_group_id	8	static
../Middlewares/Third_Party/mbedTLS/library/ecp.c:911:5:mbedtls_ecp_tls_read_group	16	static
../Middlewares/Third_Party/mbedTLS/library/ecp.c:964:5:mbedtls_ecp_tls_write_group	16	static
../Middlewares/Third_Party/mbedTLS/library/ecp.c:3027:5:mbedtls_ecp_check_pubkey	40	static
../Middlewares/Third_Party/mbedTLS/library/ecp.c:3051:5:mbedtls_ecp_check_privkey	16	static
../Middlewares/Third_Party/mbedTLS/library/ecp.c:2626:12:ecp_mul_restartable_internal.isra	168	static
../Middlewares/Third_Party/mbedTLS/library/ecp.c:2765:12:mbedtls_ecp_mul_shortcuts.isra	40	static
../Middlewares/Third_Party/mbedTLS/library/ecp.c:2800:5:mbedtls_ecp_muladd_restartable	88	static
../Middlewares/Third_Party/mbedTLS/library/ecp.c:2904:5:mbedtls_ecp_muladd	24	static
../Middlewares/Third_Party/mbedTLS/library/ecp.c:2697:5:mbedtls_ecp_mul_restartable	8	static
../Middlewares/Third_Party/mbedTLS/library/ecp.c:2712:5:mbedtls_ecp_mul	24	static
../Middlewares/Third_Party/mbedTLS/library/ecp.c:3523:12:self_test_point.constprop	72	static
../Middlewares/Third_Party/mbedTLS/library/ecp.c:3137:5:mbedtls_ecp_gen_privkey	32	static
../Middlewares/Third_Party/mbedTLS/library/ecp.c:3161:5:mbedtls_ecp_gen_keypair_base	32	static
../Middlewares/Third_Party/mbedTLS/library/ecp.c:3178:5:mbedtls_ecp_gen_keypair	16	static
../Middlewares/Third_Party/mbedTLS/library/ecp.c:3189:5:mbedtls_ecp_gen_key	24	static
../Middlewares/Third_Party/mbedTLS/library/ecp.c:3201:5:mbedtls_ecp_set_public_key	16	static
../Middlewares/Third_Party/mbedTLS/library/ecp.c:3225:5:mbedtls_ecp_read_key	40	static
../Middlewares/Third_Party/mbedTLS/library/ecp.c:3306:5:mbedtls_ecp_write_key	24	static
../Middlewares/Third_Party/mbedTLS/library/ecp.c:3338:5:mbedtls_ecp_write_key_ext	16	static
../Middlewares/Third_Party/mbedTLS/library/ecp.c:3373:5:mbedtls_ecp_write_public_key	16	static
../Middlewares/Third_Party/mbedTLS/library/ecp.c:3386:5:mbedtls_ecp_check_pub_priv	160	static
../Middlewares/Third_Party/mbedTLS/library/ecp.c:3424:5:mbedtls_ecp_keypair_calc_public	16	static
../Middlewares/Third_Party/mbedTLS/library/ecp.c:3433:22:mbedtls_ecp_keypair_get_group_id	0	static
../Middlewares/Third_Party/mbedTLS/library/ecp.c:3442:5:mbedtls_ecp_export	16	static
../Middlewares/Third_Party/mbedTLS/library/ecp.c:3577:5:mbedtls_ecp_self_test	232	static
