../Middlewares/Third_Party/mbedTLS/library/gcm.c:347:13:gcm_mult	48	static
../Middlewares/Third_Party/mbedTLS/library/gcm.c:534:12:gcm_mask	56	static
../Middlewares/Third_Party/mbedTLS/library/gcm.c:770:6:mbedtls_gcm_free.part.0	8	static
../Middlewares/Third_Party/mbedTLS/library/gcm.c:53:6:mbedtls_gcm_init	0	static
../Middlewares/Third_Party/mbedTLS/library/gcm.c:162:5:mbedtls_gcm_setkey	64	static
../Middlewares/Third_Party/mbedTLS/library/gcm.c:377:5:mbedtls_gcm_starts	64	static
../Middlewares/Third_Party/mbedTLS/library/gcm.c:467:5:mbedtls_gcm_update_ad	24	static
../Middlewares/Third_Party/mbedTLS/library/gcm.c:564:5:mbedtls_gcm_update	64	static
../Middlewares/Third_Party/mbedTLS/library/gcm.c:650:5:mbedtls_gcm_finish	64	static
../Middlewares/Third_Party/mbedTLS/library/gcm.c:703:5:mbedtls_gcm_crypt_and_tag	32	static
../Middlewares/Third_Party/mbedTLS/library/gcm.c:738:5:mbedtls_gcm_auth_decrypt	72	static
../Middlewares/Third_Party/mbedTLS/library/gcm.c:770:6:mbedtls_gcm_free	0	static
../Middlewares/Third_Party/mbedTLS/library/gcm.c:1017:5:mbedtls_gcm_self_test	616	static
