../Middlewares/Third_Party/mbedTLS/library/pk.c:997:19:pk_hashlen_helper	8	static
../Middlewares/Third_Party/mbedTLS/library/pk.c:45:6:mbedtls_pk_init	0	static
../Middlewares/Third_Party/mbedTLS/library/pk.c:63:6:mbedtls_pk_free	8	static
../Middlewares/Third_Party/mbedTLS/library/pk.c:114:26:mbedtls_pk_info_from_type	0	static
../Middlewares/Third_Party/mbedTLS/library/pk.c:140:5:mbedtls_pk_setup	16	static
../Middlewares/Third_Party/mbedTLS/library/pk.c:199:5:mbedtls_pk_setup_rsa_alt	32	static
../Middlewares/Third_Party/mbedTLS/library/pk.c:231:5:mbedtls_pk_can_do	0	static
../Middlewares/Third_Party/mbedTLS/library/pk.c:1042:5:mbedtls_pk_verify_restartable	40	static
../Middlewares/Third_Party/mbedTLS/library/pk.c:1092:5:mbedtls_pk_verify	24	static
../Middlewares/Third_Party/mbedTLS/library/pk.c:1233:5:mbedtls_pk_sign_restartable	56	static
../Middlewares/Third_Party/mbedTLS/library/pk.c:1287:5:mbedtls_pk_sign	32	static
../Middlewares/Third_Party/mbedTLS/library/pk.c:1378:5:mbedtls_pk_decrypt	16	static
../Middlewares/Third_Party/mbedTLS/library/pk.c:1398:5:mbedtls_pk_encrypt	16	static
../Middlewares/Third_Party/mbedTLS/library/pk.c:1418:5:mbedtls_pk_check_pair	16	static
../Middlewares/Third_Party/mbedTLS/library/pk.c:1455:8:mbedtls_pk_get_bitlen	0	static
../Middlewares/Third_Party/mbedTLS/library/pk.c:1300:5:mbedtls_pk_sign_ext	64	static
../Middlewares/Third_Party/mbedTLS/library/pk.c:1469:5:mbedtls_pk_debug	8	static
../Middlewares/Third_Party/mbedTLS/library/pk.c:1486:13:mbedtls_pk_get_name	0	static
../Middlewares/Third_Party/mbedTLS/library/pk.c:1498:19:mbedtls_pk_get_type	0	static
../Middlewares/Third_Party/mbedTLS/library/pk.c:1103:5:mbedtls_pk_verify_ext	56	static
