../Middlewares/Third_Party/mbedTLS/library/constant_time_impl.h:135:38:mbedtls_ct_bool	0	static
../Middlewares/Third_Party/mbedTLS/library/constant_time_impl.h:286:38:mbedtls_ct_uint_lt	8	static
../Middlewares/Third_Party/mbedTLS/library/constant_time_impl.h:397:38:mbedtls_ct_uint_ne	0	static
/Users/wafiq/STM32CubeIDE/workspace_2.1.1/Testing_projects/HIVE_MQ/Middlewares/Third_Party/mbedTLS/include/mbedtls/md.h:246:29:mbedtls_md_get_size_from_type	8	static
../Middlewares/Third_Party/mbedTLS/library/rsa.c:1618:12:mgf_mask	112	static
../Middlewares/Third_Party/mbedTLS/library/rsa.c:1694:12:hash_mprime	56	static
../Middlewares/Third_Party/mbedTLS/library/rsa.c:2309:12:rsa_rsassa_pkcs1_v15_encode	40	static
../Middlewares/Third_Party/mbedTLS/library/rsa.c:2890:12:myrand	16	static
../Middlewares/Third_Party/mbedTLS/library/rsa.c:61:12:asn1_get_nonzero_mpi	16	static
../Middlewares/Third_Party/mbedTLS/library/rsa.c:2813:6:mbedtls_rsa_free.part.0	8	static
../Middlewares/Third_Party/mbedTLS/library/rsa.c:638:12:rsa_check_context.isra	24	static
../Middlewares/Third_Party/mbedTLS/library/rsa.c:572:5:mbedtls_rsa_import	32	static
../Middlewares/Third_Party/mbedTLS/library/rsa.c:594:5:mbedtls_rsa_import_raw	32	static
../Middlewares/Third_Party/mbedTLS/library/rsa.c:722:5:mbedtls_rsa_complete	72	static
../Middlewares/Third_Party/mbedTLS/library/rsa.c:820:5:mbedtls_rsa_export_raw	56	static
../Middlewares/Third_Party/mbedTLS/library/rsa.c:872:5:mbedtls_rsa_export	32	static
../Middlewares/Third_Party/mbedTLS/library/rsa.c:378:5:mbedtls_rsa_write_pubkey	48	static
../Middlewares/Third_Party/mbedTLS/library/rsa.c:915:5:mbedtls_rsa_export_crt	24	static
../Middlewares/Third_Party/mbedTLS/library/rsa.c:286:5:mbedtls_rsa_write_key	48	static
../Middlewares/Third_Party/mbedTLS/library/rsa.c:953:6:mbedtls_rsa_init	0	static
../Middlewares/Third_Party/mbedTLS/library/rsa.c:971:5:mbedtls_rsa_set_padding	16	static
../Middlewares/Third_Party/mbedTLS/library/rsa.c:1007:5:mbedtls_rsa_get_padding_mode	0	static
../Middlewares/Third_Party/mbedTLS/library/rsa.c:1015:5:mbedtls_rsa_get_md_alg	0	static
../Middlewares/Third_Party/mbedTLS/library/rsa.c:1023:8:mbedtls_rsa_get_bitlen	0	static
../Middlewares/Third_Party/mbedTLS/library/rsa.c:1031:8:mbedtls_rsa_get_len	0	static
../Middlewares/Third_Party/mbedTLS/library/rsa.c:1169:5:mbedtls_rsa_check_pubkey	16	static
../Middlewares/Third_Party/mbedTLS/library/rsa.c:227:5:mbedtls_rsa_parse_pubkey	56	static
../Middlewares/Third_Party/mbedTLS/library/rsa.c:1191:5:mbedtls_rsa_check_privkey	40	static
../Middlewares/Third_Party/mbedTLS/library/rsa.c:1216:5:mbedtls_rsa_check_pub_priv	16	static
../Middlewares/Third_Party/mbedTLS/library/rsa.c:1235:5:mbedtls_rsa_public	40	static
../Middlewares/Third_Party/mbedTLS/library/rsa.c:1409:5:mbedtls_rsa_private	152	static
../Middlewares/Third_Party/mbedTLS/library/rsa.c:2112:12:rsa_rsassa_pss_sign_no_mode_check	72	static
../Middlewares/Third_Party/mbedTLS/library/rsa.c:1761:5:mbedtls_rsa_rsaes_oaep_encrypt	64	static
../Middlewares/Third_Party/mbedTLS/library/rsa.c:1833:5:mbedtls_rsa_rsaes_pkcs1_v15_encrypt	48	static
../Middlewares/Third_Party/mbedTLS/library/rsa.c:1887:5:mbedtls_rsa_pkcs1_encrypt	40	static
../Middlewares/Third_Party/mbedTLS/library/rsa.c:1916:5:mbedtls_rsa_rsaes_oaep_decrypt	1144	static
../Middlewares/Third_Party/mbedTLS/library/rsa.c:2043:5:mbedtls_rsa_rsaes_pkcs1_v15_decrypt	1080	static
../Middlewares/Third_Party/mbedTLS/library/rsa.c:2084:5:mbedtls_rsa_pkcs1_decrypt	48	static
../Middlewares/Third_Party/mbedTLS/library/rsa.c:2242:5:mbedtls_rsa_rsassa_pss_sign_no_mode_check	24	static
../Middlewares/Third_Party/mbedTLS/library/rsa.c:2258:5:mbedtls_rsa_rsassa_pss_sign_ext	16	static
../Middlewares/Third_Party/mbedTLS/library/rsa.c:2274:5:mbedtls_rsa_rsassa_pss_sign	24	static
../Middlewares/Third_Party/mbedTLS/library/rsa.c:2427:5:mbedtls_rsa_rsassa_pkcs1_v15_sign	40	static
../Middlewares/Third_Party/mbedTLS/library/rsa.c:2496:5:mbedtls_rsa_pkcs1_sign	16	static
../Middlewares/Third_Party/mbedTLS/library/rsa.c:2530:5:mbedtls_rsa_rsassa_pss_verify_ext	1144	static
../Middlewares/Third_Party/mbedTLS/library/rsa.c:2647:5:mbedtls_rsa_rsassa_pss_verify	32	static
../Middlewares/Third_Party/mbedTLS/library/rsa.c:2675:5:mbedtls_rsa_rsassa_pkcs1_v15_verify	40	static
../Middlewares/Third_Party/mbedTLS/library/rsa.c:2742:5:mbedtls_rsa_pkcs1_verify	8	static
../Middlewares/Third_Party/mbedTLS/library/rsa.c:2813:6:mbedtls_rsa_free	0	static
../Middlewares/Third_Party/mbedTLS/library/rsa.c:79:5:mbedtls_rsa_parse_key	48	static
../Middlewares/Third_Party/mbedTLS/library/rsa.c:1044:5:mbedtls_rsa_gen_key	88	static
../Middlewares/Third_Party/mbedTLS/library/rsa.c:2773:5:mbedtls_rsa_copy	16	static
../Middlewares/Third_Party/mbedTLS/library/rsa.c:2917:5:mbedtls_rsa_self_test	368	static
