../Middlewares/Third_Party/mbedTLS/library/ssl_misc.h:2567:19:mbedtls_ssl_tls12_sig_alg_is_supported	0	static
../Middlewares/Third_Party/mbedTLS/library/ssl_tls.c:209:21:ssl_mfl_code_to_length	0	static
../Middlewares/Third_Party/mbedTLS/library/ssl_tls.c:2364:27:mbedtls_ssl_get_base_mode	0	static
../Middlewares/Third_Party/mbedTLS/library/ssl_tls.c:1811:13:ssl_key_cert_free	8	static
../Middlewares/Third_Party/mbedTLS/library/ssl_tls.c:1824:12:ssl_append_key_cert	16	static
../Middlewares/Third_Party/mbedTLS/library/ssl_tls.c:6791:12:tls_prf_generic	128	static
../Middlewares/Third_Party/mbedTLS/library/ssl_tls.c:6898:12:tls_prf_sha256	24	static
../Middlewares/Third_Party/mbedTLS/library/ssl_tls.c:6910:12:tls_prf_sha384	24	static
../Middlewares/Third_Party/mbedTLS/library/ssl_tls.c:940:12:ssl_update_checksum_sha256	0	static
../Middlewares/Third_Party/mbedTLS/library/ssl_tls.c:953:12:ssl_update_checksum_sha384	0	static
../Middlewares/Third_Party/mbedTLS/library/ssl_tls.c:4292:12:ssl_session_save	32	static
../Middlewares/Third_Party/mbedTLS/library/ssl_tls.c:4384:12:ssl_session_load	32	static
../Middlewares/Third_Party/mbedTLS/library/ssl_tls.c:5804:12:ssl_check_no_sig_alg_duplication	16	static
../Middlewares/Third_Party/mbedTLS/library/ssl_tls.c:8100:12:ssl_calc_finished_tls_generic	72	static
../Middlewares/Third_Party/mbedTLS/library/ssl_tls.c:8185:12:ssl_calc_finished_tls_sha256	48	static
../Middlewares/Third_Party/mbedTLS/library/ssl_tls.c:8202:12:ssl_calc_finished_tls_sha384	64	static
../Middlewares/Third_Party/mbedTLS/library/ssl_tls.c:7282:12:ssl_calc_verify_tls_legacy	56	static
../Middlewares/Third_Party/mbedTLS/library/ssl_tls.c:7323:5:ssl_calc_verify_tls_sha256	4	static
../Middlewares/Third_Party/mbedTLS/library/ssl_tls.c:7338:5:ssl_calc_verify_tls_sha384	4	static
../Middlewares/Third_Party/mbedTLS/library/ssl_tls.c:895:12:ssl_update_checksum_start	16	static
../Middlewares/Third_Party/mbedTLS/library/ssl_tls.c:466:6:mbedtls_ssl_tls_prf	16	static
../Middlewares/Third_Party/mbedTLS/library/ssl_tls.c:515:10:mbedtls_ssl_get_extension_id	0	static
../Middlewares/Third_Party/mbedTLS/library/ssl_tls.c:607:10:mbedtls_ssl_get_extension_mask	8	static
../Middlewares/Third_Party/mbedTLS/library/ssl_tls.c:677:13:mbedtls_ssl_get_extension_name	8	static
../Middlewares/Third_Party/mbedTLS/library/ssl_tls.c:704:6:mbedtls_ssl_print_extension	56	static
../Middlewares/Third_Party/mbedTLS/library/ssl_tls.c:737:6:mbedtls_ssl_print_extensions	64	static
../Middlewares/Third_Party/mbedTLS/library/ssl_tls.c:782:6:mbedtls_ssl_optimize_checksum	0	static
../Middlewares/Third_Party/mbedTLS/library/ssl_tls.c:803:5:mbedtls_ssl_add_hs_hdr_to_checksum	16	static
../Middlewares/Third_Party/mbedTLS/library/ssl_tls.c:818:5:mbedtls_ssl_add_hs_msg_to_checksum	16	static
../Middlewares/Third_Party/mbedTLS/library/ssl_tls.c:831:5:mbedtls_ssl_reset_checksum	16	static
../Middlewares/Third_Party/mbedTLS/library/ssl_tls.c:1020:6:mbedtls_ssl_transform_init	8	static
../Middlewares/Third_Party/mbedTLS/library/ssl_tls.c:1043:6:mbedtls_ssl_session_init	0	static
../Middlewares/Third_Party/mbedTLS/library/ssl_tls.c:1303:6:mbedtls_ssl_init	0	static
../Middlewares/Third_Party/mbedTLS/library/ssl_tls.c:1459:6:mbedtls_ssl_session_reset_msg_layer	16	static
../Middlewares/Third_Party/mbedTLS/library/ssl_tls.c:1604:6:mbedtls_ssl_conf_endpoint	0	static
../Middlewares/Third_Party/mbedTLS/library/ssl_tls.c:1609:6:mbedtls_ssl_conf_transport	0	static
../Middlewares/Third_Party/mbedTLS/library/ssl_tls.c:1621:6:mbedtls_ssl_conf_dtls_badmac_limit	0	static
../Middlewares/Third_Party/mbedTLS/library/ssl_tls.c:1642:6:mbedtls_ssl_conf_authmode	0	static
../Middlewares/Third_Party/mbedTLS/library/ssl_tls.c:1648:6:mbedtls_ssl_conf_verify	0	static
../Middlewares/Third_Party/mbedTLS/library/ssl_tls.c:1657:6:mbedtls_ssl_conf_rng	0	static
../Middlewares/Third_Party/mbedTLS/library/ssl_tls.c:1665:6:mbedtls_ssl_conf_dbg	0	static
../Middlewares/Third_Party/mbedTLS/library/ssl_tls.c:1673:6:mbedtls_ssl_set_bio	0	static
../Middlewares/Third_Party/mbedTLS/library/ssl_tls.c:1692:6:mbedtls_ssl_conf_read_timeout	0	static
../Middlewares/Third_Party/mbedTLS/library/ssl_tls.c:1697:6:mbedtls_ssl_set_timer_cb	4	static
../Middlewares/Third_Party/mbedTLS/library/ssl_tls.c:1773:6:mbedtls_ssl_conf_ciphersuites	0	static
../Middlewares/Third_Party/mbedTLS/library/ssl_tls.c:1805:6:mbedtls_ssl_conf_cert_profile	0	static
../Middlewares/Third_Party/mbedTLS/library/ssl_tls.c:1860:5:mbedtls_ssl_conf_own_cert	0	static
../Middlewares/Third_Party/mbedTLS/library/ssl_tls.c:1867:6:mbedtls_ssl_conf_ca_chain	0	static
../Middlewares/Third_Party/mbedTLS/library/ssl_tls.c:1899:22:mbedtls_ssl_get_hs_sni	0	static
../Middlewares/Third_Party/mbedTLS/library/ssl_tls.c:1906:5:mbedtls_ssl_set_hs_own_cert	0	static
../Middlewares/Third_Party/mbedTLS/library/ssl_tls.c:1914:6:mbedtls_ssl_set_hs_ca_chain	0	static
../Middlewares/Third_Party/mbedTLS/library/ssl_tls.c:1923:6:mbedtls_ssl_set_hs_dn_hints	0	static
../Middlewares/Third_Party/mbedTLS/library/ssl_tls.c:1930:6:mbedtls_ssl_set_hs_authmode	0	static
../Middlewares/Third_Party/mbedTLS/library/ssl_tls.c:1938:6:mbedtls_ssl_set_verify	0	static
../Middlewares/Third_Party/mbedTLS/library/ssl_tls.c:2097:5:mbedtls_ssl_conf_has_static_psk	0	static
../Middlewares/Third_Party/mbedTLS/library/ssl_tls.c:2169:5:mbedtls_ssl_conf_psk	32	static
../Middlewares/Third_Party/mbedTLS/library/ssl_tls.c:2228:5:mbedtls_ssl_set_hs_psk	24	static
../Middlewares/Third_Party/mbedTLS/library/ssl_tls.c:2402:20:mbedtls_ssl_get_mode_from_transform	8	static
../Middlewares/Third_Party/mbedTLS/library/ssl_tls.c:2420:20:mbedtls_ssl_get_mode_from_ciphersuite	8	static
../Middlewares/Third_Party/mbedTLS/library/ssl_tls.c:8566:12:ssl_tls12_populate_transform	328	static
../Middlewares/Third_Party/mbedTLS/library/ssl_tls.c:2698:6:mbedtls_ssl_conf_dhm_min_bitlen	0	static
../Middlewares/Third_Party/mbedTLS/library/ssl_tls.c:2710:6:mbedtls_ssl_conf_sig_hashes	0	static
../Middlewares/Third_Party/mbedTLS/library/ssl_tls.c:2718:6:mbedtls_ssl_conf_sig_algs	0	static
../Middlewares/Third_Party/mbedTLS/library/ssl_tls.c:2738:6:mbedtls_ssl_conf_curves	0	static
../Middlewares/Third_Party/mbedTLS/library/ssl_tls.c:2750:6:mbedtls_ssl_conf_groups	0	static
../Middlewares/Third_Party/mbedTLS/library/ssl_tls.c:2760:5:mbedtls_ssl_set_hostname	24	static
../Middlewares/Third_Party/mbedTLS/library/ssl_tls.c:2802:6:mbedtls_ssl_conf_sni	0	static
../Middlewares/Third_Party/mbedTLS/library/ssl_tls.c:2813:5:mbedtls_ssl_conf_alpn_protocols	24	static
../Middlewares/Third_Party/mbedTLS/library/ssl_tls.c:2840:13:mbedtls_ssl_get_alpn_protocol	0	static
../Middlewares/Third_Party/mbedTLS/library/ssl_tls.c:2917:6:mbedtls_ssl_conf_max_version	0	static
../Middlewares/Third_Party/mbedTLS/library/ssl_tls.c:2922:6:mbedtls_ssl_conf_min_version	0	static
../Middlewares/Third_Party/mbedTLS/library/ssl_tls.c:2937:6:mbedtls_ssl_conf_encrypt_then_mac	0	static
../Middlewares/Third_Party/mbedTLS/library/ssl_tls.c:2944:6:mbedtls_ssl_conf_extended_master_secret	0	static
../Middlewares/Third_Party/mbedTLS/library/ssl_tls.c:2951:5:mbedtls_ssl_conf_max_frag_len	8	static
../Middlewares/Third_Party/mbedTLS/library/ssl_tls.c:2964:6:mbedtls_ssl_conf_legacy_renegotiation	0	static
../Middlewares/Third_Party/mbedTLS/library/ssl_tls.c:2990:6:mbedtls_ssl_conf_session_tickets	0	static
../Middlewares/Third_Party/mbedTLS/library/ssl_tls.c:3030:6:mbedtls_ssl_set_export_keys_cb	0	static
../Middlewares/Third_Party/mbedTLS/library/ssl_tls.c:3080:10:mbedtls_ssl_get_verify_result	0	static
../Middlewares/Third_Party/mbedTLS/library/ssl_tls.c:3093:5:mbedtls_ssl_get_ciphersuite_id_from_ssl	0	static
../Middlewares/Third_Party/mbedTLS/library/ssl_tls.c:3102:13:mbedtls_ssl_get_ciphersuite	0	static
../Middlewares/Third_Party/mbedTLS/library/ssl_tls.c:3111:13:mbedtls_ssl_get_version	0	static
../Middlewares/Third_Party/mbedTLS/library/ssl_tls.c:3160:8:mbedtls_ssl_get_input_max_frag_len	8	static
../Middlewares/Third_Party/mbedTLS/library/ssl_tls.c:3192:8:mbedtls_ssl_get_output_max_frag_len	8	static
../Middlewares/Third_Party/mbedTLS/library/ssl_tls.c:3240:5:mbedtls_ssl_get_max_out_record_payload	8	static
../Middlewares/Third_Party/mbedTLS/library/ssl_tls.c:3312:5:mbedtls_ssl_get_max_in_record_payload	0	static
../Middlewares/Third_Party/mbedTLS/library/ssl_tls.c:3332:25:mbedtls_ssl_get_peer_cert	0	static
../Middlewares/Third_Party/mbedTLS/library/ssl_tls.c:4369:5:mbedtls_ssl_session_save	16	static
../Middlewares/Third_Party/mbedTLS/library/ssl_tls.c:4498:5:mbedtls_ssl_handshake_step	24	static
../Middlewares/Third_Party/mbedTLS/library/ssl_tls.c:4587:5:mbedtls_ssl_handshake	24	static
../Middlewares/Third_Party/mbedTLS/library/ssl_tls.c:4750:6:mbedtls_ssl_handshake_free	16	static
../Middlewares/Third_Party/mbedTLS/library/ssl_tls.c:4921:6:mbedtls_ssl_session_free	8	static
../Middlewares/Third_Party/mbedTLS/library/ssl_tls.c:228:5:mbedtls_ssl_session_copy	24	static
../Middlewares/Third_Party/mbedTLS/library/ssl_tls.c:1723:5:mbedtls_ssl_set_session	8	static
../Middlewares/Third_Party/mbedTLS/library/ssl_tls.c:3347:5:mbedtls_ssl_get_session	8	static
../Middlewares/Third_Party/mbedTLS/library/ssl_tls.c:4446:5:mbedtls_ssl_session_load	16	static
../Middlewares/Third_Party/mbedTLS/library/ssl_tls.c:5515:6:mbedtls_ssl_free	24	static
../Middlewares/Third_Party/mbedTLS/library/ssl_tls.c:5498:5:mbedtls_ssl_context_load	56	static
../Middlewares/Third_Party/mbedTLS/library/ssl_tls.c:5592:6:mbedtls_ssl_config_init	0	static
../Middlewares/Third_Party/mbedTLS/library/ssl_tls.c:5828:5:mbedtls_ssl_config_defaults	24	static
../Middlewares/Third_Party/mbedTLS/library/ssl_tls.c:6057:6:mbedtls_ssl_config_free	8	static
../Middlewares/Third_Party/mbedTLS/library/ssl_tls.c:6099:15:mbedtls_ssl_sig_from_pk	8	static
../Middlewares/Third_Party/mbedTLS/library/ssl_tls.c:6114:15:mbedtls_ssl_sig_from_pk_alg	0	static
../Middlewares/Third_Party/mbedTLS/library/ssl_tls.c:6127:19:mbedtls_ssl_pk_alg_from_sig	0	static
../Middlewares/Third_Party/mbedTLS/library/ssl_tls.c:6148:19:mbedtls_ssl_md_alg_from_hash	0	static
../Middlewares/Third_Party/mbedTLS/library/ssl_tls.c:6183:15:mbedtls_ssl_hash_from_md_alg	0	static
../Middlewares/Third_Party/mbedTLS/library/ssl_tls.c:6219:5:mbedtls_ssl_check_curve_tls_id	0	static
../Middlewares/Third_Party/mbedTLS/library/ssl_tls.c:6301:5:mbedtls_ssl_get_psa_curve_info_from_tls_id	20	static
../Middlewares/Third_Party/mbedTLS/library/ssl_tls.c:6320:22:mbedtls_ssl_get_ecp_group_id_from_tls_id	12	static
../Middlewares/Third_Party/mbedTLS/library/ssl_tls.c:6331:10:mbedtls_ssl_get_tls_id_from_ecp_group_id	8	static
../Middlewares/Third_Party/mbedTLS/library/ssl_tls.c:1049:12:ssl_handshake_init	40	static
../Middlewares/Third_Party/mbedTLS/library/ssl_tls.c:1371:5:mbedtls_ssl_setup	24	static
../Middlewares/Third_Party/mbedTLS/library/ssl_tls.c:1541:5:mbedtls_ssl_session_reset_int	16	static
../Middlewares/Third_Party/mbedTLS/library/ssl_tls.c:1596:5:mbedtls_ssl_session_reset	0	static
../Middlewares/Third_Party/mbedTLS/library/ssl_tls.c:5034:5:mbedtls_ssl_context_save	64	static
../Middlewares/Third_Party/mbedTLS/library/ssl_tls.c:6240:5:mbedtls_ssl_check_curve	8	static
../Middlewares/Third_Party/mbedTLS/library/ssl_tls.c:6365:13:mbedtls_ssl_get_curve_name_from_tls_id	8	static
../Middlewares/Third_Party/mbedTLS/library/ssl_tls.c:6502:5:mbedtls_ssl_get_handshake_transcript	48	static
../Middlewares/Third_Party/mbedTLS/library/ssl_tls.c:6576:5:mbedtls_ssl_parse_sig_alg_ext	48	static
../Middlewares/Third_Party/mbedTLS/library/ssl_tls.c:7165:5:mbedtls_ssl_derive_keys	120	static
../Middlewares/Third_Party/mbedTLS/library/ssl_tls.c:7227:5:mbedtls_ssl_set_calc_verify_md	0	static
../Middlewares/Third_Party/mbedTLS/library/ssl_tls.c:7354:5:mbedtls_ssl_psk_derive_premaster	48	static
../Middlewares/Third_Party/mbedTLS/library/ssl_tls.c:7549:5:mbedtls_ssl_write_certificate	40	static
../Middlewares/Third_Party/mbedTLS/library/ssl_tls.c:8217:6:mbedtls_ssl_handshake_wrapup_free_hs_transform	16	static
../Middlewares/Third_Party/mbedTLS/library/ssl_tls.c:8241:6:mbedtls_ssl_handshake_wrapup	24	static
../Middlewares/Third_Party/mbedTLS/library/ssl_tls.c:8302:5:mbedtls_ssl_write_finished	24	static
../Middlewares/Third_Party/mbedTLS/library/ssl_tls.c:8416:5:mbedtls_ssl_parse_finished	40	static
../Middlewares/Third_Party/mbedTLS/library/ssl_tls.c:9160:5:mbedtls_ssl_get_key_exchange_md_tls1_2	48	static
../Middlewares/Third_Party/mbedTLS/library/ssl_tls.c:9217:14:mbedtls_ssl_tls12_get_preferred_hash_for_sig_alg	16	static
../Middlewares/Third_Party/mbedTLS/library/ssl_tls.c:9276:5:mbedtls_ssl_validate_ciphersuite	8	static
../Middlewares/Third_Party/mbedTLS/library/ssl_tls.c:9361:5:mbedtls_ssl_write_sig_alg_ext	64	static
../Middlewares/Third_Party/mbedTLS/library/ssl_tls.c:9447:5:mbedtls_ssl_parse_server_name_ext	24	static
../Middlewares/Third_Party/mbedTLS/library/ssl_tls.c:9501:5:mbedtls_ssl_parse_alpn_ext	48	static
../Middlewares/Third_Party/mbedTLS/library/ssl_tls.c:9576:5:mbedtls_ssl_write_alpn_ext	40	static
../Middlewares/Third_Party/mbedTLS/library/ssl_tls.c:9704:5:mbedtls_ssl_check_cert_usage	24	static
../Middlewares/Third_Party/mbedTLS/library/ssl_tls.c:9787:5:mbedtls_ssl_verify_certificate	64	static
../Middlewares/Third_Party/mbedTLS/library/ssl_tls.c:7947:5:mbedtls_ssl_parse_certificate	32	static
