../Middlewares/Third_Party/mbedTLS/library/constant_time_impl.h:135:38:mbedtls_ct_bool	0	static
../Middlewares/Third_Party/mbedTLS/library/constant_time_impl.h:504:38:mbedtls_ct_uint_eq	8	static
../Middlewares/Third_Party/mbedTLS/library/constant_time_impl.h:516:38:mbedtls_ct_uint_ge	8	static
../Middlewares/Third_Party/mbedTLS/library/ssl_msg.c:885:13:ssl_build_record_nonce.constprop	16	static
../Middlewares/Third_Party/mbedTLS/library/ssl_msg.c:285:6:mbedtls_ssl_set_timer	24	static
../Middlewares/Third_Party/mbedTLS/library/ssl_msg.c:298:5:mbedtls_ssl_check_timer	16	static
../Middlewares/Third_Party/mbedTLS/library/ssl_msg.c:318:5:mbedtls_ssl_check_record	40	static
../Middlewares/Third_Party/mbedTLS/library/ssl_msg.c:901:5:mbedtls_ssl_encrypt_buf	160	static
../Middlewares/Third_Party/mbedTLS/library/ssl_msg.c:1479:5:mbedtls_ssl_decrypt_buf	296	static
../Middlewares/Third_Party/mbedTLS/library/ssl_msg.c:2145:5:mbedtls_ssl_fetch_input	48	static
../Middlewares/Third_Party/mbedTLS/library/ssl_msg.c:2734:5:mbedtls_ssl_start_handshake_msg	8	static
../Middlewares/Third_Party/mbedTLS/library/ssl_msg.c:3221:5:mbedtls_ssl_prepare_handshake_record	32	static
../Middlewares/Third_Party/mbedTLS/library/ssl_msg.c:3304:5:mbedtls_ssl_update_handshake_status	24	static
../Middlewares/Third_Party/mbedTLS/library/ssl_msg.c:5027:5:mbedtls_ssl_handle_message_type	32	static
../Middlewares/Third_Party/mbedTLS/library/ssl_msg.c:5278:6:mbedtls_ssl_update_out_pointers	0	static
../Middlewares/Third_Party/mbedTLS/library/ssl_msg.c:2348:5:mbedtls_ssl_flush_output	32	static
../Middlewares/Third_Party/mbedTLS/library/ssl_msg.c:2937:5:mbedtls_ssl_write_record	80	static
../Middlewares/Third_Party/mbedTLS/library/ssl_msg.c:2775:5:mbedtls_ssl_write_handshake_msg_ext	40	static
../Middlewares/Third_Party/mbedTLS/library/ssl_msg.c:2909:5:mbedtls_ssl_finish_handshake_msg	0	static
../Middlewares/Third_Party/mbedTLS/library/ssl_msg.c:5185:5:mbedtls_ssl_write_change_cipher_spec	24	static
../Middlewares/Third_Party/mbedTLS/library/ssl_msg.c:5154:5:mbedtls_ssl_send_alert_message	40	static
../Middlewares/Third_Party/mbedTLS/library/ssl_msg.c:5147:5:mbedtls_ssl_send_fatal_handshake_failure	0	static
../Middlewares/Third_Party/mbedTLS/library/ssl_msg.c:5319:6:mbedtls_ssl_update_in_pointers	0	static
../Middlewares/Third_Party/mbedTLS/library/ssl_msg.c:4184:5:mbedtls_ssl_read_record	80	static
../Middlewares/Third_Party/mbedTLS/library/ssl_msg.c:5207:5:mbedtls_ssl_parse_change_cipher_spec	24	static
../Middlewares/Third_Party/mbedTLS/library/ssl_msg.c:5364:6:mbedtls_ssl_reset_in_out_pointers	8	static
../Middlewares/Third_Party/mbedTLS/library/ssl_msg.c:5387:8:mbedtls_ssl_get_bytes_avail	0	static
../Middlewares/Third_Party/mbedTLS/library/ssl_msg.c:5392:5:mbedtls_ssl_check_pending	24	static
../Middlewares/Third_Party/mbedTLS/library/ssl_msg.c:5445:5:mbedtls_ssl_get_record_expansion	24	static
../Middlewares/Third_Party/mbedTLS/library/ssl_msg.c:5783:5:mbedtls_ssl_read	32	static
../Middlewares/Third_Party/mbedTLS/library/ssl_msg.c:6049:5:mbedtls_ssl_write	32	static
../Middlewares/Third_Party/mbedTLS/library/ssl_msg.c:6188:5:mbedtls_ssl_close_notify	24	static
../Middlewares/Third_Party/mbedTLS/library/ssl_msg.c:6212:6:mbedtls_ssl_transform_free	8	static
../Middlewares/Third_Party/mbedTLS/library/ssl_msg.c:6239:6:mbedtls_ssl_set_inbound_transform	0	static
../Middlewares/Third_Party/mbedTLS/library/ssl_msg.c:6246:6:mbedtls_ssl_set_outbound_transform	0	static
../Middlewares/Third_Party/mbedTLS/library/ssl_msg.c:6299:6:mbedtls_ssl_write_version	0	static
../Middlewares/Third_Party/mbedTLS/library/ssl_msg.c:6317:10:mbedtls_ssl_read_version	0	static
../Middlewares/Third_Party/mbedTLS/library/ssl_msg.c:6338:5:mbedtls_ssl_handle_pending_alert	8	static
../Middlewares/Third_Party/mbedTLS/library/ssl_msg.c:6368:6:mbedtls_ssl_pend_fatal_alert	0	static
