../Middlewares/Third_Party/mbedTLS/library/x509write_csr.c:39:6:mbedtls_x509write_csr_init	0	static
../Middlewares/Third_Party/mbedTLS/library/x509write_csr.c:44:6:mbedtls_x509write_csr_free	8	static
../Middlewares/Third_Party/mbedTLS/library/x509write_csr.c:56:6:mbedtls_x509write_csr_set_md_alg	0	static
../Middlewares/Third_Party/mbedTLS/library/x509write_csr.c:61:6:mbedtls_x509write_csr_set_key	0	static
../Middlewares/Third_Party/mbedTLS/library/x509write_csr.c:66:5:mbedtls_x509write_csr_set_subject_name	0	static
../Middlewares/Third_Party/mbedTLS/library/x509write_csr.c:72:5:mbedtls_x509write_csr_set_extension	0	static
../Middlewares/Third_Party/mbedTLS/library/x509write_csr.c:81:5:mbedtls_x509write_csr_set_subject_alternative_name	0	static
../Middlewares/Third_Party/mbedTLS/library/x509write_csr.c:87:5:mbedtls_x509write_csr_set_key_usage	40	static
../Middlewares/Third_Party/mbedTLS/library/x509write_csr.c:110:5:mbedtls_x509write_csr_set_ns_cert_type	40	static
../Middlewares/Third_Party/mbedTLS/library/x509write_csr.c:288:5:mbedtls_x509write_csr_der	160	static
../Middlewares/Third_Party/mbedTLS/library/x509write_csr.c:313:5:mbedtls_x509write_csr_pem	40	static
